Script started on 2020-04-09 13:34:50-0700
blaker3@cf164-14:~/lab-1-ryan-p-blake$ cd..
cd..: command not found
blaker3@cf164-14:~/lab-1-ryan-p-blake$ ls
build.gradle  settings.gradle  src  typescript	username.txt  writeup.txt
blaker3@cf164-14:~/lab-1-ryan-p-blake$ ..cd
..cd: command not found
blaker3@cf164-14:~/lab-1-ryan-p-blake$ cd-

Command 'cd-' not found, did you mean:

  command 'cde' from deb cde
  command 'cdb' from deb tinycdb
  command 'cdv' from deb codeville
  command 'cdw' from deb cdw
  command 'cdo' from deb cdo
  command 'cd5' from deb cd5
  command 'cdp' from deb irpas
  command 'cdi' from deb cdo

Try: apt install <deb name>

blaker3@cf164-14:~/lab-1-ryan-p-blake$ cd -
/home/blaker3
blaker3@cf164-14:~$ ls
Desktop    Downloads	       lab3-ryan-p-blake  Pictures  Templates	Videos
Documents  lab-1-ryan-p-blake  Music		  Public    typescript
blaker3@cf164-14:~$ nano typescript
[?1049h[22;0;0t[1;24r(B[m[4l[?7h[39;49m[?1h=[?1h=[?1h=[?25l[39;49m(B[m[H[2J[22;33H(B[0;7m[ Reading File ](B[m[22;39H(B[0;7m 0 lines ](B[m[H(B[0;7m  GNU nano 2.9.3                      typescript                                [1;79H(B[m[23d(B[0;7m^G(B[m Get Help  (B[0;7m^O(B[m Write Out (B[0;7m^W(B[m Where Is  (B[0;7m^K(B[m Cut Text  (B[0;7m^J(B[m Justify   (B[0;7m^C(B[m Cur Pos[24d(B[0;7m^X(B[m Exit[14G(B[0;7m^R(B[m Read File (B[0;7m^\(B[m Replace   (B[0;7m^U(B[m Uncut Text(B[0;7m^T(B[m To Spell  (B[0;7m^_(B[m Go To Line[22d[3d[39;49m(B[m[?12l[?25h[?25l[?12l[?25h[?25l[?12l[?25h[?25l[?12l[?25h[?25l[?12l[?25h[?25l[22d[J[24;80H[?12l[?25h[24;1H[?1049l[23;0;0t[?1l>blaker3@cf164-14:~$ cd..[K[K -
/home/blaker3/lab-1-ryan-p-blake
blaker3@cf164-14:~/lab-1-ryan-p-blake$ ls
build.gradle  settings.gradle  src  typescript	username.txt  writeup.txt
blaker3@cf164-14:~/lab-1-ryan-p-blake$ cd type[K[K[K[K[K[K[Knano tye[Kpescript
[?1049h[22;0;0t[1;24r(B[m[4l[?7h[39;49m[?1h=[?1h=[?1h=[?25l[39;49m(B[m[H[2J[22;33H(B[0;7m[ Reading File ](B[m[22;39H(B[0;7m 0 lines ](B[m[H(B[0;7m  GNU nano 2.9.3                      typescript                                [1;79H(B[m[23d(B[0;7m^G(B[m Get Help  (B[0;7m^O(B[m Write Out (B[0;7m^W(B[m Where Is  (B[0;7m^K(B[m Cut Text  (B[0;7m^J(B[m Justify   (B[0;7m^C(B[m Cur Pos[24d(B[0;7m^X(B[m Exit[14G(B[0;7m^R(B[m Read File (B[0;7m^\(B[m Replace   (B[0;7m^U(B[m Uncut Text(B[0;7m^T(B[m To Spell  (B[0;7m^_(B[m Go To Line[22d[3d[39;49m(B[m[?12l[?25h[?25l[22d[J[24;80H[?12l[?25h[24;1H[?1049l[23;0;0t[?1l>blaker3@cf164-14:~/lab-1-ryan-p-blake$ exit
exit

Script done on 2020-04-09 13:36:43-0700
Script started on 2020-04-09 13:37:07-0700
blaker3@cf164-14:~/lab-1-ryan-p-blake$ nano username.txt
[?1049h[22;0;0t[1;24r(B[m[4l[?7h[39;49m[?1h=[?1h=[?1h=[?25l[39;49m(B[m[H[2J[22;33H(B[0;7m[ Reading File ](B[m[22;39H(B[0;7m 1 line ](B[m[K[H(B[0;7m  GNU nano 2.9.3                     username.txt                               [1;79H(B[m[23d(B[0;7m^G(B[m Get Help  (B[0;7m^O(B[m Write Out (B[0;7m^W(B[m Where Is  (B[0;7m^K(B[m Cut Text  (B[0;7m^J(B[m Justify   (B[0;7m^C(B[m Cur Pos[24d(B[0;7m^X(B[m Exit[14G(B[0;7m^R(B[m Read File (B[0;7m^\(B[m Replace   (B[0;7m^U(B[m Uncut Text(B[0;7m^T(B[m To Spell  (B[0;7m^_(B[m Go To Line[22d[3d[39;49m(B[mRyan Blake,blaker3,ryan-p-blake[?12l[?25h[?25l[?12l[?25h[?25lR[?12l[?25h[?25ly[?12l[?25h[?25la[?12l[?25h[?25ln[?12l[?25h[?25l [?12l[?25h[?25lB[?12l[?25h[?25ll[?12l[?25h[?25la[?12l[?25h[?25lk[?12l[?25h[?25le[?12l[?25h[?25l,[?12l[?25h[?25lb[?12l[?25h[?25ll[?12l[?25h[?25la[?12l[?25h[?25lk[?12l[?25h[?25le[?12l[?25h[?25lr[?12l[?25h[?25l3[?12l[?25h[?25l,[?12l[?25h[?25lr[?12l[?25h[?25ly[?12l[?25h[?25la[?12l[?25h[?25ln[?12l[?25h[?25l-[?12l[?25h[?25l[22d[K[3;26H[?12l[?25h[?25l-[?12l[?25h[?25lb[?12l[?25h[?25ll[?12l[?25h[?25la[?12l[?25h[?25lk[?12l[?25h[?25le[?12l[?25h[?25l[4d[?12l[?25h[?25l[?12l[?25h[?25l[?12l[?25h[?25l[?12l[?25h[?25l[?12l[?25h[?25l[?12l[?25h[?25l[1;71H(B[0;7mModified(B[m[5d[?12l[?25h[?25l[1;79H[1;71H(B[0;7m        (B[m[22;32H(B[0;7m[ Wrote 2 lines ](B[m[5d[?12l[?25h[?25l[22d[J[24;80H[?12l[?25h[24;1H[?1049l[23;0;0t[?1l>blaker3@cf164-14:~/lab-1-ryan-p-blake$ git hlep[K[K[Kepl[K[Klp
usage: git [--version] [--help] [-C <path>] [-c <name>=<value>]
           [--exec-path[=<path>]] [--html-path] [--man-path] [--info-path]
           [-p | --paginate | --no-pager] [--no-replace-objects] [--bare]
           [--git-dir=<path>] [--work-tree=<path>] [--namespace=<name>]
           <command> [<args>]

These are common Git commands used in various situations:

start a working area (see also: git help tutorial)
   clone      Clone a repository into a new directory
   init       Create an empty Git repository or reinitialize an existing one

work on the current change (see also: git help everyday)
   add        Add file contents to the index
   mv         Move or rename a file, a directory, or a symlink
   reset      Reset current HEAD to the specified state
   rm         Remove files from the working tree and from the index

examine the history and state (see also: git help revisions)
   bisect     Use binary search to find the commit that introduced a bug
   grep       Print lines matching a pattern
   log        Show commit logs
   show       Show various types of objects
   status     Show the working tree status

grow, mark and tweak your common history
   branch     List, create, or delete branches
   checkout   Switch branches or restore working tree files
   commit     Record changes to the repository
   diff       Show changes between commits, commit and working tree, etc
   merge      Join two or more development histories together
   rebase     Reapply commits on top of another base tip
   tag        Create, list, delete or verify a tag object signed with GPG

collaborate (see also: git help workflows)
   fetch      Download objects and refs from another repository
   pull       Fetch from and integrate with another repository or a local branch
   push       Update remote refs along with associated objects

'git help -a' and 'git help -g' list available subcommands and some
concept guides. See 'git help <command>' or 'git help <concept>'
to read about a specific subcommand or concept.
blaker3@cf164-14:~/lab-1-ryan-p-blake$ git blame uw[Ksernm[Kame.txt
[?1h=00000000 (Not Committed Yet 2020-04-09 13:38:25 -0700 1) Ryan Blake,blaker3,ryan[m -p-blake[m
00000000 (Not Committed Yet 2020-04-09 13:38:25 -0700 2) [m
[K[?1l>blaker3@cf164-14:~/lab-1-ryan-p-blake$ git s[Kaddd[K _[K-a[Ka[KA[Ka[KA
blaker3@cf164-14:~/lab-1-ryan-p-blake$ git commit -u ""u"p"d"a"t"i"n"g" "d"a"t"e"[1P"[1P"y" "2"
error: pathspec 'updating day 2' did not match any file(s) known to git.
blaker3@cf164-14:~/lab-1-ryan-p-blake$ git commit -u "updating day 2"add -A[Kcommit -u "updating day 2"[1P[1@m
[master 90b4394] updating day 2
 3 files changed, 40 insertions(+)
 create mode 100644 typescript
blaker3@cf164-14:~/lab-1-ryan-p-blake$ git push -u
Username for 'https://github.com': ryan-p-blake
Password for 'https://ryan-p-blake@github.com': 
remote: Invalid username or password.
fatal: Authentication failed for 'https://github.com/csci241-20s/lab-1-ryan-p-blake.git/'
blaker3@cf164-14:~/lab-1-ryan-p-blake$ ls[K[Kcls

Command 'cls' not found, but there are 17 similar ones.

blaker3@cf164-14:~/lab-1-ryan-p-blake$ ls
build.gradle  settings.gradle  src  typescript	username.txt  writeup.txt
blaker3@cf164-14:~/lab-1-ryan-p-blake$ exit
exit

Script done on 2020-04-09 13:39:54-0700
