Script started on 2020-04-09 13:34:50-0700
blaker3@cf164-14:~/lab-1-ryan-p-blake$ cd..
cd..: command not found
blaker3@cf164-14:~/lab-1-ryan-p-blake$ ls
build.gradle  settings.gradle  src  typescript	username.txt  writeup.txt
blaker3@cf164-14:~/lab-1-ryan-p-blake$ ..cd
..cd: command not found
blaker3@cf164-14:~/lab-1-ryan-p-blake$ cd-

Command 'cd-' not found, did you mean:

  command 'cde' from deb cde
  command 'cdb' from deb tinycdb
  command 'cdv' from deb codeville
  command 'cdw' from deb cdw
  command 'cdo' from deb cdo
  command 'cd5' from deb cd5
  command 'cdp' from deb irpas
  command 'cdi' from deb cdo

Try: apt install <deb name>

blaker3@cf164-14:~/lab-1-ryan-p-blake$ cd -
/home/blaker3
blaker3@cf164-14:~$ ls
Desktop    Downloads	       lab3-ryan-p-blake  Pictures  Templates	Videos
Documents  lab-1-ryan-p-blake  Music		  Public    typescript
blaker3@cf164-14:~$ nano typescript
[?1049h[22;0;0t[1;24r(B[m[4l[?7h[39;49m[?1h=[?1h=[?1h=[?25l[39;49m(B[m[H[2J[22;33H(B[0;7m[ Reading File ](B[m[22;39H(B[0;7m 0 lines ](B[m[H(B[0;7m  GNU nano 2.9.3                      typescript                                [1;79H(B[m[23d(B[0;7m^G(B[m Get Help  (B[0;7m^O(B[m Write Out (B[0;7m^W(B[m Where Is  (B[0;7m^K(B[m Cut Text  (B[0;7m^J(B[m Justify   (B[0;7m^C(B[m Cur Pos[24d(B[0;7m^X(B[m Exit[14G(B[0;7m^R(B[m Read File (B[0;7m^\(B[m Replace   (B[0;7m^U(B[m Uncut Text(B[0;7m^T(B[m To Spell  (B[0;7m^_(B[m Go To Line[22d[3d[39;49m(B[m[?12l[?25h[?25l[?12l[?25h[?25l[?12l[?25h[?25l[?12l[?25h[?25l[?12l[?25h[?25l[22d[J[24;80H[?12l[?25h[24;1H[?1049l[23;0;0t[?1l>blaker3@cf164-14:~$ cd..[K[K -
/home/blaker3/lab-1-ryan-p-blake
blaker3@cf164-14:~/lab-1-ryan-p-blake$ ls
build.gradle  settings.gradle  src  typescript	username.txt  writeup.txt
blaker3@cf164-14:~/lab-1-ryan-p-blake$ cd type[K[K[K[K[K[K[Knano tye[Kpescript
[?1049h[22;0;0t[1;24r(B[m[4l[?7h[39;49m[?1h=[?1h=[?1h=[?25l[39;49m(B[m[H[2J[22;33H(B[0;7m[ Reading File ](B[m[22;39H(B[0;7m 0 lines ](B[m[H(B[0;7m  GNU nano 2.9.3                      typescript                                [1;79H(B[m[23d(B[0;7m^G(B[m Get Help  (B[0;7m^O(B[m Write Out (B[0;7m^W(B[m Where Is  (B[0;7m^K(B[m Cut Text  (B[0;7m^J(B[m Justify   (B[0;7m^C(B[m Cur Pos[24d(B[0;7m^X(B[m Exit[14G(B[0;7m^R(B[m Read File (B[0;7m^\(B[m Replace   (B[0;7m^U(B[m Uncut Text(B[0;7m^T(B[m To Spell  (B[0;7m^_(B[m Go To Line[22d[3d[39;49m(B[m[?12l[?25h[?25l[22d[J[24;80H[?12l[?25h[24;1H[?1049l[23;0;0t[?1l>blaker3@cf164-14:~/lab-1-ryan-p-blake$ exit
exit

Script done on 2020-04-09 13:36:43-0700
Script started on 2020-04-09 13:37:07-0700
blaker3@cf164-14:~/lab-1-ryan-p-blake$ nano username.txt
[?1049h[22;0;0t[1;24r(B[m[4l[?7h[39;49m[?1h=[?1h=[?1h=[?25l[39;49m(B[m[H[2J[22;33H(B[0;7m[ Reading File ](B[m[22;39H(B[0;7m 1 line ](B[m[K[H(B[0;7m  GNU nano 2.9.3                     username.txt                               [1;79H(B[m[23d(B[0;7m^G(B[m Get Help  (B[0;7m^O(B[m Write Out (B[0;7m^W(B[m Where Is  (B[0;7m^K(B[m Cut Text  (B[0;7m^J(B[m Justify   (B[0;7m^C(B[m Cur Pos[24d(B[0;7m^X(B[m Exit[14G(B[0;7m^R(B[m Read File (B[0;7m^\(B[m Replace   (B[0;7m^U(B[m Uncut Text(B[0;7m^T(B[m To Spell  (B[0;7m^_(B[m Go To Line[22d[3d[39;49m(B[mRyan Blake,blaker3,ryan-p-blake[?12l[?25h[?25l[?12l[?25h[?25lR[?12l[?25h[?25ly[?12l[?25h[?25la[?12l[?25h[?25ln[?12l[?25h[?25l [?12l[?25h[?25lB[?12l[?25h[?25ll[?12l[?25h[?25la[?12l[?25h[?25lk[?12l[?25h[?25le[?12l[?25h[?25l,[?12l[?25h[?25lb[?12l[?25h[?25ll[?12l[?25h[?25la[?12l[?25h[?25lk[?12l[?25h[?25le[?12l[?25h[?25lr[?12l[?25h[?25l3[?12l[?25h[?25l,[?12l[?25h[?25lr[?12l[?25h[?25ly[?12l[?25h[?25la[?12l[?25h[?25ln[?12l[?25h[?25l-[?12l[?25h[?25l[22d[K[3;26H[?12l[?25h[?25l-[?12l[?25h[?25lb[?12l[?25h[?25ll[?12l[?25h[?25la[?12l[?25h[?25lk[?12l[?25h[?25le[?12l[?25h[?25l[4d[?12l[?25h[?25l[?12l[?25h[?25l[?12l[?25h[?25l[?12l[?25h[?25l[?12l[?25h[?25l[?12l[?25h[?25l[1;71H(B[0;7mModified(B[m[5d[?12l[?25h[?25l[1;79H[1;71H(B[0;7m        (B[m[22;32H(B[0;7m[ Wrote 2 lines ](B[m[5d[?12l[?25h[?25l[22d[J[24;80H[?12l[?25h[24;1H[?1049l[23;0;0t[?1l>blaker3@cf164-14:~/lab-1-ryan-p-blake$ git hlep[K[K[Kepl[K[Klp
usage: git [--version] [--help] [-C <path>] [-c <name>=<value>]
           [--exec-path[=<path>]] [--html-path] [--man-path] [--info-path]
           [-p | --paginate | --no-pager] [--no-replace-objects] [--bare]
           [--git-dir=<path>] [--work-tree=<path>] [--namespace=<name>]
           <command> [<args>]

These are common Git commands used in various situations:

start a working area (see also: git help tutorial)
   clone      Clone a repository into a new directory
   init       Create an empty Git repository or reinitialize an existing one

work on the current change (see also: git help everyday)
   add        Add file contents to the index
   mv         Move or rename a file, a directory, or a symlink
   reset      Reset current HEAD to the specified state
   rm         Remove files from the working tree and from the index

examine the history and state (see also: git help revisions)
   bisect     Use binary search to find the commit that introduced a bug
   grep       Print lines matching a pattern
   log        Show commit logs
   show       Show various types of objects
   status     Show the working tree status

grow, mark and tweak your common history
   branch     List, create, or delete branches
   checkout   Switch branches or restore working tree files
   commit     Record changes to the repository
   diff       Show changes between commits, commit and working tree, etc
   merge      Join two or more development histories together
   rebase     Reapply commits on top of another base tip
   tag        Create, list, delete or verify a tag object signed with GPG

collaborate (see also: git help workflows)
   fetch      Download objects and refs from another repository
   pull       Fetch from and integrate with another repository or a local branch
   push       Update remote refs along with associated objects

'git help -a' and 'git help -g' list available subcommands and some
concept guides. See 'git help <command>' or 'git help <concept>'
to read about a specific subcommand or concept.
blaker3@cf164-14:~/lab-1-ryan-p-blake$ git blame uw[Ksernm[Kame.txt
[?1h=00000000 (Not Committed Yet 2020-04-09 13:38:25 -0700 1) Ryan Blake,blaker3,ryan[m -p-blake[m
00000000 (Not Committed Yet 2020-04-09 13:38:25 -0700 2) [m
[K[?1l>blaker3@cf164-14:~/lab-1-ryan-p-blake$ git s[Kaddd[K _[K-a[Ka[KA[Ka[KA
blaker3@cf164-14:~/lab-1-ryan-p-blake$ git commit -u ""u"p"d"a"t"i"n"g" "d"a"t"e"[1P"[1P"y" "2"
error: pathspec 'updating day 2' did not match any file(s) known to git.
blaker3@cf164-14:~/lab-1-ryan-p-blake$ git commit -u "updating day 2"add -A[Kcommit -u "updating day 2"[1P[1@m
[master 90b4394] updating day 2
 3 files changed, 40 insertions(+)
 create mode 100644 typescript
blaker3@cf164-14:~/lab-1-ryan-p-blake$ git push -u
Username for 'https://github.com': ryan-p-blake
Password for 'https://ryan-p-blake@github.com': 
remote: Invalid username or password.
fatal: Authentication failed for 'https://github.com/csci241-20s/lab-1-ryan-p-blake.git/'
blaker3@cf164-14:~/lab-1-ryan-p-blake$ ls[K[Kcls

Command 'cls' not found, but there are 17 similar ones.

blaker3@cf164-14:~/lab-1-ryan-p-blake$ ls
build.gradle  settings.gradle  src  typescript	username.txt  writeup.txt
blaker3@cf164-14:~/lab-1-ryan-p-blake$ exit
exit

Script done on 2020-04-09 13:39:54-0700
Script started on 2020-04-09 14:02:14-0700
blaker3@cf405-02:~/lab-1-ryan-p-blake$ git reset
blaker3@cf405-02:~/lab-1-ryan-p-blake$ git status
On branch master
Your branch is up to date with 'origin/master'.

nothing to commit, working tree clean
blaker3@cf405-02:~/lab-1-ryan-p-blake$ git rm[K[K[K[K[K[Ktouch new[K[K[Kfiletodelted.[K[K[K[K[K[Kelteet[K[K[K[Kete.txt
blaker3@cf405-02:~/lab-1-ryan-p-blake$ ls
build	      filetodelete.txt	settings.gradle  typescript    writeup.txt
build.gradle  gradle		src		 username.txt
blaker3@cf405-02:~/lab-1-ryan-p-blake$ rm filetodelte[K[Kete.txt
blaker3@cf405-02:~/lab-1-ryan-p-blake$ ls
build  build.gradle  gradle  settings.gradle  src  typescript  username.txt  writeup.txt
blaker3@cf405-02:~/lab-1-ryan-p-blake$ touch tester.txt
blaker3@cf405-02:~/lab-1-ryan-p-blake$ git mv tester.txt
usage: git mv [<options>] <source>... <destination>

    -v, --verbose         be verbose
    -n, --dry-run         dry run
    -f, --force           force move/rename even if target exists
    -k                    skip move/rename errors

blaker3@cf405-02:~/lab-1-ryan-p-blake$ git mv tester.txt newName.txt
fatal: not under version control, source=tester.txt, destination=newName.txt
blaker3@cf405-02:~/lab-1-ryan-p-blake$ git add -A
blaker3@cf405-02:~/lab-1-ryan-p-blake$ git mv tester.txt nbew[K[K[KewName.txt
blaker3@cf405-02:~/lab-1-ryan-p-blake$ ls
build	      gradle	   settings.gradle  typescript	  writeup.txt
build.gradle  newName.txt  src		    username.txt
blaker3@cf405-02:~/lab-1-ryan-p-blake$ git blame username.txt
[?1h=90b4394e (ryan-p-blake 2020-04-09 13:39:20 -0700 1) Ryan Blake,blaker3,ryan-p-blake[m
90b4394e (ryan-p-blake 2020-04-09 13:39:20 -0700 2) [m
[K[?1l>blaker3@cf405-02:~/lab-1-ryan-p-blake$ gt[Kit log
[?1h=[33mcommit 304a83dfdc5275973fe57e3311c6c457d051cf54[m[33m ([m[1;36mHEAD -> [m[1;32mmaster[m[33m, [m[1;31morigin/master[m[33m, [m[1;31morigin/HEAD[m[33m)[m[m
Author: ryan-p-blake <blaker3@wwu.edu>[m
Date:   Thu Apr 9 14:00:50 2020 -0700[m
[m
    exited typescript command[m
[m
[33mcommit 76214c64ad80dc31dc2be280f3d03e4091122534[m[m
Author: ryan-p-blake <blaker3@wwu.edu>[m
Date:   Thu Apr 9 14:00:06 2020 -0700[m
[m
    Hello now prints arg[0][m
[m
[33mcommit 0bf60e8a10e5f49084b80806692fd7525feb328b[m[m
Author: ryan-p-blake <blaker3@wwu.edu>[m
Date:   Thu Apr 9 13:53:51 2020 -0700[m
[m
    edited writeup[m
[m
[33mcommit 90b4394e0f2e6eb2356a186f847bf41b4f89e7c3[m[m
Author: ryan-p-blake <blaker3@wwu.edu>[m
Date:   Thu Apr 9 13:39:20 2020 -0700[m
[m
    updating day 2[m
[m
[33mcommit 90027771c7c98d4945015b0cbf2334e020858f02[m[m
Author: ryan-p-blake <blaker3@wwu.edu>[m
Date:   Wed Apr 8 14:33:57 2020 -0700[m
[m
    added part 1 names to writeup[m
[m
[33mcommit cd59e63cb78efc9ce197e0c7a958f4fde1eef040[m[m
Author: ryan-p-blake <blaker3@wwu.edu>[m
Date:   Wed Apr 8 14:27:43 2020 -0700[m
[m
    added empty writeup[m
[m
[33mcommit 2e744d34f6a04bd14560c271a8804bc2413ffc9f[m[m
Author: swehrwein <swehrwein@gmail.com>[m
Date:   Wed Apr 8 14:01:31 2020 -0700[m
[m
    Setting up GitHub Classroom Feedback[m
[m
[33mcommit def4333e97c0de0336e465bbdf6dd35b13bb8770[m[33m ([m[1;31morigin/feedback[m[33m)[m[m
Author: swehrwein <swehrwein@gmail.com>[m
Date:   Wed Apr 8 14:01:31 2020 -0700[m
[m
    Setting up GitHub Classroom Feedback[m
[m
:[K[K[K:[K[K:[K[K[7mNo next tag  (press RETURN)[27m[49;1H[K[K:[K[K:[K[K:[K[K:[K[K-[Klog file: [K[K[7mNo log file  (press RETURN)[27m[49;1H[K[K:[K[K[33mcommit 0a899f9a9b35110ef4093cb1db5e4d2215788e04[m[m
:[K[KAuthor: swehrwein <swehrwein@gmail.com>[m
:[K[KDate:   Wed Apr 8 14:01:29 2020 -0700[m
:[K[K[m
:[K[K    Initial commit[m
:[K[K[K[7m(END)[27m[K[K[K[7m(END)[27m[K[K[K[7m(END)[27m[K[K[K[7m(END)[27m[K[K[K[7m(END)[27m[K[K[7m(END)[27m[K[K-[Klog file: [K[K[7mNo log file  (press RETURN)[27m[49;1H[K[K[7m(END)[27m[K[K[K[7m(END)[27m[K[H[2J[H[m
[33mcommit 76214c64ad80dc31dc2be280f3d03e4091122534[m[m
Author: ryan-p-blake <blaker3@wwu.edu>[m
Date:   Thu Apr 9 14:00:06 2020 -0700[m
[m
    Hello now prints arg[0][m
[m
[33mcommit 0bf60e8a10e5f49084b80806692fd7525feb328b[m[m
Author: ryan-p-blake <blaker3@wwu.edu>[m
Date:   Thu Apr 9 13:53:51 2020 -0700[m
[m
    edited writeup[m
[m
[33mcommit 90b4394e0f2e6eb2356a186f847bf41b4f89e7c3[m[m
Author: ryan-p-blake <blaker3@wwu.edu>[m
Date:   Thu Apr 9 13:39:20 2020 -0700[m
[m
    updating day 2[m
[m
[33mcommit 90027771c7c98d4945015b0cbf2334e020858f02[m[m
Author: ryan-p-blake <blaker3@wwu.edu>[m
Date:   Wed Apr 8 14:33:57 2020 -0700[m
[m
    added part 1 names to writeup[m
[m
[33mcommit cd59e63cb78efc9ce197e0c7a958f4fde1eef040[m[m
Author: ryan-p-blake <blaker3@wwu.edu>[m
Date:   Wed Apr 8 14:27:43 2020 -0700[m
[m
    added empty writeup[m
[m
[33mcommit 2e744d34f6a04bd14560c271a8804bc2413ffc9f[m[m
Author: swehrwein <swehrwein@gmail.com>[m
Date:   Wed Apr 8 14:01:31 2020 -0700[m
[m
    Setting up GitHub Classroom Feedback[m
[m
[33mcommit def4333e97c0de0336e465bbdf6dd35b13bb8770[m[33m ([m[1;31morigin/feedback[m[33m)[m[m
Author: swehrwein <swehrwein@gmail.com>[m
Date:   Wed Apr 8 14:01:31 2020 -0700[m
[m
    Setting up GitHub Classroom Feedback[m
[m
[33mcommit 0a899f9a9b35110ef4093cb1db5e4d2215788e04[m[m
Author: swehrwein <swehrwein@gmail.com>[m
Date:   Wed Apr 8 14:01:29 2020 -0700[m
[m
    Initial commit[m
[1m~[0m
[7m(END)[27m[K[K[K[7m(END)[27m[K[K[K[7m(END)[27m[K[K[7m(END)[27m[K[K[7m(END)[27m[K[K[?1l>blaker3@cf405-02:~/lab-1-ryan-p-blake$ [Kblaker3@cf405-02:~/lab-1-ryan-p-blake$ git diff
[?1h=[K[?1l>blaker3@cf405-02:~/lab-1-ryan-p-blake$ git i[Kdif f[K[Kf writeup.txt
[?1h=[K[?1l>blaker3@cf405-02:~/lab-1-ryan-p-blake$ git diff writeup.txt[Kgit diff writeup.txt[Kgit diff writeup.txt[Kgit add- [K[K -A
blaker3@cf405-02:~/lab-1-ryan-p-blake$ git[K[K[Kexit[K[K[K[Kexit
exit

Script done on 2020-04-09 14:08:36-0700
